// Jest Snapshot v1, https://goo.gl/fbAQLP

exports[`App component render properly 1`] = `"<div class=\\"container\\"><nav class=\\"navbar navbar-dark fixed-top bg-dark flex-md-nowrap p-0 shadow\\"><a class=\\"navbar-brand col-sm-3 col-md-2 mr-0\\" href=\\"http://localhost:3000\\">WebApp</a></nav><h1 class=\\"text-center text-info mt-5 pt-5\\">Number Guessing Web App</h1><div class=\\"row justify-content-center mt-5\\"><div class=\\"col-5\\"><input class=\\"w-100 border border-top-0 border-left-0 border-right-0 border-info rounded pl-2\\" type=\\"number\\" placeholder=\\"Enter number\\" min=\\"1\\" max=\\"100\\" name=\\"value\\" data-testid=\\"input_id\\" value=\\"\\"><button class=\\"w-100 btn btn-outline-primary mt-3\\" data-testid=\\"submit_id\\">Submit</button></div></div><p class=\\"h4 mt-3 pt-3\\">Rules:</p><ul class=\\"text-capitalize\\"><li>Enter number between 1-100.</li><li>if Difference is zero =&gt; Success.</li><li>if Difference is less than 4 =&gt; Hot.</li><li>if Difference is less than 15 =&gt; Warm.</li><li>if Difference is greater than 15 =&gt; Cold.</li></ul></div>"`;
